// Jest Snapshot v1, https://goo.gl/fbAQLP

exports[`as expected snapshot 1`] = `
<div
  className="kit-input-selectfield"
>
  <span
    className="kit-input-selectfield__label"
  >
    Test
    :
  </span>
  <select
    onChange={[Function]}
    value={1}
  >
    <option
      value={1}
    >
      one
    </option>
    <option
      value={2}
    >
      two
    </option>
    <option
      value={3}
    >
      three
    </option>
  </select>
</div>
`;
